---
source: src/half_edge/tests.rs
expression: cycles
---
[
  Cycle(
    filter: SubSet(
      set: BitSeq(
        order: "bitvec::order::Lsb0",
        head: BitIdx(
          width: 64,
          index: 0,
        ),
        bits: 12,
        data: [
          4035,
        ],
      ),
      id: PhantomData,
    ),
    loop_count: Some(1),
  ),
  Cycle(
    filter: SubSet(
      set: BitSeq(
        order: "bitvec::order::Lsb0",
        head: BitIdx(
          width: 64,
          index: 0,
        ),
        bits: 12,
        data: [
          4044,
        ],
      ),
      id: PhantomData,
    ),
    loop_count: Some(1),
  ),
  Cycle(
    filter: SubSet(
      set: BitSeq(
        order: "bitvec::order::Lsb0",
        head: BitIdx(
          width: 64,
          index: 0,
        ),
        bits: 12,
        data: [
          4080,
        ],
      ),
      id: PhantomData,
    ),
    loop_count: Some(1),
  ),
]
