---
source: src/half_edge/algorithms/transitive_ops.rs
expression: closure_graph.debug_dot()
---
digraph {
  a;
  b;
  c;
  d;
  e;
  f;
  g;
  h;
  i;
  j;
  x;
  y;
  z;

  a:0	-> b:1	 [id=0 ];
  b:2	-> c:3	 [id=1 ];
  b:4	-> z:5	 [id=2 ];
  c:6	-> d:7	 [id=3 ];
  c:8	-> x:9	 [id=4 ];
  d:10	-> e:11	 [id=5 ];
  d:12	-> y:13	 [id=6 ];
  e:14	-> f:15	 [id=7 ];
  f:16	-> g:17	 [id=8 ];
  f:18	-> z:19	 [id=9 ];
  g:20	-> h:21	 [id=10 ];
  h:22	-> i:23	 [id=11 ];
  i:24	-> j:25	 [id=12 ];
  x:26	-> y:27	 [id=13 ];
  a:28	-> c:29	 [id=14 ];
  a:30	-> d:31	 [id=15 ];
  a:32	-> x:33	 [id=16 ];
  a:34	-> e:35	 [id=17 ];
  a:36	-> y:37	 [id=18 ];
  a:38	-> f:39	 [id=19 ];
  a:40	-> g:41	 [id=20 ];
  a:42	-> z:43	 [id=21 ];
  a:44	-> h:45	 [id=22 ];
  a:46	-> i:47	 [id=23 ];
  a:48	-> j:49	 [id=24 ];
  b:50	-> d:51	 [id=25 ];
  b:52	-> x:53	 [id=26 ];
  b:54	-> e:55	 [id=27 ];
  b:56	-> y:57	 [id=28 ];
  b:58	-> f:59	 [id=29 ];
  b:60	-> g:61	 [id=30 ];
  b:62	-> h:63	 [id=31 ];
  b:64	-> i:65	 [id=32 ];
  b:66	-> j:67	 [id=33 ];
  c:68	-> e:69	 [id=34 ];
  c:70	-> y:71	 [id=35 ];
  c:72	-> f:73	 [id=36 ];
  c:74	-> g:75	 [id=37 ];
  c:76	-> z:77	 [id=38 ];
  c:78	-> h:79	 [id=39 ];
  c:80	-> i:81	 [id=40 ];
  c:82	-> j:83	 [id=41 ];
  d:84	-> f:85	 [id=42 ];
  d:86	-> g:87	 [id=43 ];
  d:88	-> z:89	 [id=44 ];
  d:90	-> h:91	 [id=45 ];
  d:92	-> i:93	 [id=46 ];
  d:94	-> j:95	 [id=47 ];
  e:96	-> g:97	 [id=48 ];
  e:98	-> z:99	 [id=49 ];
  e:100	-> h:101	 [id=50 ];
  e:102	-> i:103	 [id=51 ];
  e:104	-> j:105	 [id=52 ];
  f:106	-> h:107	 [id=53 ];
  f:108	-> i:109	 [id=54 ];
  f:110	-> j:111	 [id=55 ];
  g:112	-> i:113	 [id=56 ];
  g:114	-> j:115	 [id=57 ];
  h:116	-> j:117	 [id=58 ];
}
