---
source: src/half_edge/algorithms/topological_order.rs
expression: order
---
[
  NodeIndex(21),
  NodeIndex(22),
  NodeIndex(23),
  NodeIndex(24),
  NodeIndex(25),
  NodeIndex(26),
  NodeIndex(27),
  NodeIndex(28),
  NodeIndex(29),
  NodeIndex(30),
  NodeIndex(0),
  NodeIndex(1),
  NodeIndex(2),
  NodeIndex(3),
  NodeIndex(8),
  NodeIndex(4),
  NodeIndex(5),
  NodeIndex(9),
  NodeIndex(10),
  NodeIndex(11),
  NodeIndex(6),
  NodeIndex(12),
  NodeIndex(13),
  NodeIndex(20),
  NodeIndex(14),
  NodeIndex(19),
  NodeIndex(35),
  NodeIndex(7),
  NodeIndex(15),
  NodeIndex(18),
  NodeIndex(16),
  NodeIndex(17),
  NodeIndex(32),
  NodeIndex(37),
  NodeIndex(31),
  NodeIndex(36),
  NodeIndex(38),
  NodeIndex(39),
  NodeIndex(40),
  NodeIndex(41),
  NodeIndex(42),
  NodeIndex(33),
  NodeIndex(34),
]
