---
source: src/graph/half_edge/tests.rs
expression: graph
---
HedgeGraph(
  node_data: [
    (),
    (),
    (),
    (),
  ],
  nodes: [
    HedgeNode(
      internal_graph: InternalSubGraph(
        filter: BitSeq(
          order: "bitvec::order::Lsb0",
          head: BitIdx(
            width: 64,
            index: 0,
          ),
          bits: 12,
          data: [
            0,
          ],
        ),
        loopcount: Some(0),
      ),
      hairs: BitSeq(
        order: "bitvec::order::Lsb0",
        head: BitIdx(
          width: 64,
          index: 0,
        ),
        bits: 12,
        data: [
          2073,
        ],
      ),
    ),
    HedgeNode(
      internal_graph: InternalSubGraph(
        filter: BitSeq(
          order: "bitvec::order::Lsb0",
          head: BitIdx(
            width: 64,
            index: 0,
          ),
          bits: 12,
          data: [
            0,
          ],
        ),
        loopcount: Some(0),
      ),
      hairs: BitSeq(
        order: "bitvec::order::Lsb0",
        head: BitIdx(
          width: 64,
          index: 0,
        ),
        bits: 12,
        data: [
          102,
        ],
      ),
    ),
    HedgeNode(
      internal_graph: InternalSubGraph(
        filter: BitSeq(
          order: "bitvec::order::Lsb0",
          head: BitIdx(
            width: 64,
            index: 0,
          ),
          bits: 12,
          data: [
            0,
          ],
        ),
        loopcount: Some(0),
      ),
      hairs: BitSeq(
        order: "bitvec::order::Lsb0",
        head: BitIdx(
          width: 64,
          index: 0,
        ),
        bits: 12,
        data: [
          384,
        ],
      ),
    ),
    HedgeNode(
      internal_graph: InternalSubGraph(
        filter: BitSeq(
          order: "bitvec::order::Lsb0",
          head: BitIdx(
            width: 64,
            index: 0,
          ),
          bits: 12,
          data: [
            0,
          ],
        ),
        loopcount: Some(0),
      ),
      hairs: BitSeq(
        order: "bitvec::order::Lsb0",
        head: BitIdx(
          width: 64,
          index: 0,
        ),
        bits: 12,
        data: [
          1536,
        ],
      ),
    ),
  ],
  base_nodes: 4,
  involution: Involution(
    inv: [
      Source(
        data: EdgeData(
          orientation: Undirected,
          data: Some(()),
        ),
        sink_idx: Hedge(1),
      ),
      Sink(
        source_idx: Hedge(0),
      ),
      Source(
        data: EdgeData(
          orientation: Undirected,
          data: Some(()),
        ),
        sink_idx: Hedge(3),
      ),
      Sink(
        source_idx: Hedge(2),
      ),
      Source(
        data: EdgeData(
          orientation: Undirected,
          data: Some(()),
        ),
        sink_idx: Hedge(5),
      ),
      Sink(
        source_idx: Hedge(4),
      ),
      Source(
        data: EdgeData(
          orientation: Undirected,
          data: Some(()),
        ),
        sink_idx: Hedge(7),
      ),
      Sink(
        source_idx: Hedge(6),
      ),
      Source(
        data: EdgeData(
          orientation: Undirected,
          data: Some(()),
        ),
        sink_idx: Hedge(9),
      ),
      Sink(
        source_idx: Hedge(8),
      ),
      Source(
        data: EdgeData(
          orientation: Undirected,
          data: Some(()),
        ),
        sink_idx: Hedge(11),
      ),
      Sink(
        source_idx: Hedge(10),
      ),
    ],
    hedge_data: [
      NodeIndex(0),
      NodeIndex(1),
      NodeIndex(1),
      NodeIndex(0),
      NodeIndex(0),
      NodeIndex(1),
      NodeIndex(1),
      NodeIndex(2),
      NodeIndex(2),
      NodeIndex(3),
      NodeIndex(3),
      NodeIndex(0),
    ],
  ),
)
