---
source: src/graph/half_edge/tests.rs
expression: cycles
---
[
  InternalSubGraph(
    filter: BitSeq(
      order: "bitvec::order::Lsb0",
      head: BitIdx(
        width: 64,
        index: 0,
      ),
      bits: 12,
      data: [
        4035,
      ],
    ),
    loopcount: Some(1),
  ),
  InternalSubGraph(
    filter: BitSeq(
      order: "bitvec::order::Lsb0",
      head: BitIdx(
        width: 64,
        index: 0,
      ),
      bits: 12,
      data: [
        4044,
      ],
    ),
    loopcount: Some(1),
  ),
  InternalSubGraph(
    filter: BitSeq(
      order: "bitvec::order::Lsb0",
      head: BitIdx(
        width: 64,
        index: 0,
      ),
      bits: 12,
      data: [
        4080,
      ],
    ),
    loopcount: Some(1),
  ),
]
