---
source: src/graph/half_edge/tests.rs
expression: graph.dot(&graph.full_node())
---
graph {
   node [shape=circle,height=0.1,label=""];  overlap="scale"; layout="neato";
   0 [];
  1 [];
  2 [];
  3 [];
  0 -- 1 [color="red:blue;0.5 " ];
  1 -- 0 [color="red:blue;0.5 " ];
  0 -- 1 [color="red:blue;0.5 " ];
ext6 [shape=none, label=""];
 0 -- ext6 [color="gray50"];
 ext7 [shape=none, label=""];
 1 -- ext7 [color="gray50"];
 ext8 [shape=none, label=""];
 1 -- ext8 [color="gray50"];
   1 -- 2 [color="red:blue;0.5 " ];
  2 -- 3 [color="red:blue;0.5 " ];
  3 -- 0 [color="red:blue;0.5 " ];
}
