---
source: src/uv/tests.rs
expression: inv
---
Involution(
  inv: [
    (None, Source((Some(()), 1))),
    (None, Sink(0)),
    (None, Identity(Some(()))),
    (None, Source((Some(()), 4))),
    (None, Sink(3)),
    (None, Source((Some(()), 6))),
    (None, Sink(5)),
    (None, Source((Some(()), 8))),
    (None, Sink(7)),
    (None, Source((Some(()), 10))),
    (None, Sink(9)),
    (None, Source((Some(()), 12))),
    (None, Sink(11)),
    (None, Source((Some(()), 14))),
    (None, Sink(13)),
    (None, Source((Some(()), 16))),
    (None, Sink(15)),
    (None, Source((Some(()), 18))),
    (None, Sink(17)),
  ],
)
