---
source: src/graph/lmb.rs
expression: "&lmb.to_string()"
---
╭─────────┬────╮
│ Loop id │ 0  │
├─────────┼────┤
│ edge id │ e1 │
╰─────────┴────╯
╭─────────────┬────╮
│ External id │ 0  │
├─────────────┼────┤
│ edge id     │ e0 │
╰─────────────┴────╯
╭──────┬───────┬─────────╮
│ edge │ L0 e1 │ Ext0 e0 │
├──────┼───────┼─────────┤
│ e0   │ .     │ .       │
│ e1   │ +     │         │
│ e2   │ -     │         │
╰──────┴───────┴─────────╯
