---
source: src/graph/lmb.rs
expression: "&g.loop_momentum_basis.to_string()"
---
╭─────────┬────┬────┬────┬────┬────╮
│ Loop id │ 0  │ 1  │ 2  │ 3  │ 4  │
├─────────┼────┼────┼────┼────┼────┤
│ edge id │ e0 │ e1 │ e6 │ e8 │ e9 │
╰─────────┴────┴────┴────┴────┴────╯
╭─────────────┬────┬────┬────┬─────┬─────╮
│ External id │ 0  │ 1  │ 2  │ 3   │ 4   │
├─────────────┼────┼────┼────┼─────┼─────┤
│ edge id     │ e2 │ e3 │ e7 │ e11 │ e14 │
╰─────────────┴────┴────┴────┴─────┴─────╯
╭──────┬───────┬───────┬───────┬───────┬───────┬─────────┬─────────┬─────────┬──────────┬──────────╮
│ edge │ L0 e0 │ L1 e1 │ L2 e6 │ L3 e8 │ L4 e9 │ Ext0 e2 │ Ext1 e3 │ Ext2 e7 │ Ext3 e11 │ Ext4 e14 │
├──────┼───────┼───────┼───────┼───────┼───────┼─────────┼─────────┼─────────┼──────────┼──────────┤
│ e0   │ +     │ .     │ .     │ .     │ .     │ .       │ .       │ .       │ .        │          │
│ e1   │ .     │ +     │ .     │ .     │ .     │ .       │ .       │ .       │ .        │          │
│ e2   │ .     │ .     │ .     │ .     │ .     │ .       │ -       │ -       │ -        │ -        │
│ e3   │ .     │ .     │ .     │ .     │ .     │ .       │ +       │ .       │ .        │ .        │
│ e4   │ .     │ .     │ .     │ .     │ .     │ .       │ .       │ +       │ .        │          │
│ e5   │ +     │ .     │ -     │ .     │ .     │ .       │ -       │ -       │ .        │          │
│ e6   │ .     │ .     │ +     │ .     │ .     │ .       │ .       │ .       │ .        │          │
│ e7   │ .     │ .     │ .     │ .     │ .     │ .       │ .       │ +       │ .        │ .        │
│ e8   │ .     │ .     │ .     │ +     │ .     │ .       │ .       │ .       │ .        │          │
│ e9   │ .     │ .     │ .     │ .     │ +     │ .       │ .       │ .       │ .        │          │
│ e10  │ .     │ .     │ .     │ -     │ -     │ .       │ .       │ +       │ .        │          │
│ e11  │ .     │ .     │ .     │ .     │ .     │ .       │ .       │ .       │ +        │ .        │
│ e12  │ +     │ +     │ .     │ .     │ .     │ .       │ -       │ -       │ -        │          │
│ e13  │ -     │ -     │ +     │ .     │ .     │ .       │ +       │ +       │ .        │          │
│ e14  │ .     │ .     │ .     │ .     │ .     │ .       │ .       │ .       │ .        │ +        │
╰──────┴───────┴───────┴───────┴───────┴───────┴─────────┴─────────┴─────────┴──────────┴──────────╯
