---
source: crates/gammalooprs/src/cff/feynkit.rs
expression: "serde_json::json!({\n    \"expression\": expression, \"surface_cache\": graph.surface_cache,\n})"
---
{
  "expression": {
    "expression": {
      "orientations": [
        {
          "data": {
            "orientation": [
              "Default",
              "Default",
              "Default",
              "Undirected",
              "Undirected"
            ]
          },
          "expression": {
            "nodes": [
              {
                "children": [
                  1
                ],
                "data": {
                  "Energy": 0
                },
                "id": 0,
                "parent": null
              },
              {
                "children": [],
                "data": {
                  "Energy": 1
                },
                "id": 1,
                "parent": 0
              }
            ]
          },
          "id": 0
        },
        {
          "data": {
            "orientation": [
              "Default",
              "Reversed",
              "Default",
              "Undirected",
              "Undirected"
            ]
          },
          "expression": {
            "nodes": [
              {
                "children": [
                  1
                ],
                "data": {
                  "Energy": 0
                },
                "id": 0,
                "parent": null
              },
              {
                "children": [],
                "data": {
                  "Energy": 2
                },
                "id": 1,
                "parent": 0
              }
            ]
          },
          "id": 1
        },
        {
          "data": {
            "orientation": [
              "Reversed",
              "Reversed",
              "Default",
              "Undirected",
              "Undirected"
            ]
          },
          "expression": {
            "nodes": [
              {
                "children": [
                  1
                ],
                "data": {
                  "Energy": 2
                },
                "id": 0,
                "parent": null
              },
              {
                "children": [],
                "data": {
                  "Energy": 3
                },
                "id": 1,
                "parent": 0
              }
            ]
          },
          "id": 2
        },
        {
          "data": {
            "orientation": [
              "Default",
              "Default",
              "Reversed",
              "Undirected",
              "Undirected"
            ]
          },
          "expression": {
            "nodes": [
              {
                "children": [
                  1
                ],
                "data": {
                  "Energy": 2
                },
                "id": 0,
                "parent": null
              },
              {
                "children": [],
                "data": {
                  "Energy": 1
                },
                "id": 1,
                "parent": 0
              }
            ]
          },
          "id": 3
        },
        {
          "data": {
            "orientation": [
              "Reversed",
              "Default",
              "Reversed",
              "Undirected",
              "Undirected"
            ]
          },
          "expression": {
            "nodes": [
              {
                "children": [
                  1
                ],
                "data": {
                  "Energy": 4
                },
                "id": 0,
                "parent": null
              },
              {
                "children": [],
                "data": {
                  "Energy": 2
                },
                "id": 1,
                "parent": 0
              }
            ]
          },
          "id": 4
        },
        {
          "data": {
            "orientation": [
              "Reversed",
              "Reversed",
              "Reversed",
              "Undirected",
              "Undirected"
            ]
          },
          "expression": {
            "nodes": [
              {
                "children": [
                  1
                ],
                "data": {
                  "Energy": 4
                },
                "id": 0,
                "parent": null
              },
              {
                "children": [],
                "data": {
                  "Energy": 3
                },
                "id": 1,
                "parent": 0
              }
            ]
          },
          "id": 5
        }
      ]
    },
    "report": {
      "acyclic_orientations": 6,
      "candidate_orientations": 8,
      "interned_surfaces": 5,
      "unfolded_terms": 6
    },
    "surfaces": {
      "energy_surfaces": [
        {
          "energies": [
            0,
            2
          ],
          "external_shift": {
            "4": -1
          },
          "vertex_set": 1
        },
        {
          "energies": [
            0,
            1
          ],
          "external_shift": {
            "4": -1
          },
          "vertex_set": 3
        },
        {
          "energies": [
            1,
            2
          ],
          "external_shift": {},
          "vertex_set": 2
        },
        {
          "energies": [
            0,
            1
          ],
          "external_shift": {
            "4": 1
          },
          "vertex_set": 3
        },
        {
          "energies": [
            0,
            2
          ],
          "external_shift": {
            "4": 1
          },
          "vertex_set": 1
        }
      ],
      "h_surfaces": []
    }
  },
  "surface_cache": {
    "energy_surfaces": [
      {
        "energies": [
          0,
          2
        ],
        "external_shift": {
          "4": -1
        },
        "vertex_set": 1
      },
      {
        "energies": [
          0,
          1
        ],
        "external_shift": {
          "4": -1
        },
        "vertex_set": 3
      },
      {
        "energies": [
          1,
          2
        ],
        "external_shift": {},
        "vertex_set": 2
      },
      {
        "energies": [
          0,
          1
        ],
        "external_shift": {
          "4": 1
        },
        "vertex_set": 3
      },
      {
        "energies": [
          0,
          2
        ],
        "external_shift": {
          "4": 1
        },
        "vertex_set": 1
      }
    ],
    "h_surfaces": []
  }
}
